
> car-management-frontend@1.0.0 build
> next build

  ▲ Next.js 14.2.33
  - Environments: .env.local, .env

   Creating an optimized production build ...
Terminate batch job (Y/N)? 